
> backend@1.0.0 start
> node index.js

◇ injected env (0) from .env // tip: ⌘ multiple files { path: ['.env.local', '.env'] }
Backend server listening on port 3000
[2026-05-31T21:51:43.994Z] Starting task for +2250736117035 (Concurrency: 1)
[2026-05-31T21:51:44.207Z] Request #1  Result: {"login":"2250736117035","reason":"old_version","status":"fail"}
[2026-05-31T21:51:54.823Z] Request #2  Result: {"login":"2250736117035","reason":"old_version","status":"fail"}
[2026-05-31T21:52:05.151Z] Request #3  Result: {"login":"2250736117035","reason":"old_version","status":"fail"}
[2026-05-31T21:52:15.366Z] Request #4  Result: {"login":"2250736117035","reason":"old_version","status":"fail"}
[2026-05-31T21:52:25.561Z] Request #5  Result: {"login":"2250736117035","reason":"old_version","status":"fail"}
[2026-05-31T21:52:35.814Z] Request #6  Result: {"login":"2250736117035","reason":"old_version","status":"fail"}
[2026-05-31T21:52:45.959Z] Request #7  Result: {"login":"2250736117035","reason":"old_version","status":"fail"}
[2026-05-31T21:52:56.138Z] Request #8  Result: {"login":"2250736117035","reason":"old_version","status":"fail"}
[2026-05-31T21:53:06.355Z] Request #9  Result: {"login":"2250736117035","reason":"old_version","status":"fail"}
[2026-05-31T21:53:16.575Z] Request #10  Result: {"login":"2250736117035","reason":"old_version","status":"fail"}
[2026-05-31T21:53:26.898Z] Request #11  Result: {"login":"2250736117035","reason":"old_version","status":"fail"}
[2026-05-31T21:53:37.207Z] Request #12  Result: {"login":"2250736117035","reason":"old_version","status":"fail"}
[2026-05-31T21:53:47.516Z] Request #13  Result: {"login":"2250736117035","reason":"old_version","status":"fail"}
[2026-05-31T21:53:57.645Z] Request #14  Result: {"login":"2250736117035","reason":"old_version","status":"fail"}
[2026-05-31T21:54:07.983Z] Request #15  Result: {"login":"2250736117035","reason":"old_version","status":"fail"}
[2026-05-31T21:54:18.220Z] Request #16  Result: {"login":"2250736117035","reason":"old_version","status":"fail"}
[2026-05-31T21:54:28.530Z] Request #17  Result: {"login":"2250736117035","reason":"old_version","status":"fail"}
[2026-05-31T21:54:38.868Z] Request #18  Result: {"login":"2250736117035","reason":"old_version","status":"fail"}
[2026-05-31T21:54:49.065Z] Request #19  Result: {"login":"2250736117035","reason":"old_version","status":"fail"}
[2026-05-31T21:54:59.358Z] Request #20  Result: {"login":"2250736117035","reason":"old_version","status":"fail"}
[2026-05-31T21:55:09.504Z] Request #21  Result: {"login":"2250736117035","reason":"old_version","status":"fail"}
[2026-05-31T21:55:19.826Z] Request #22  Result: {"login":"2250736117035","reason":"old_version","status":"fail"}
[2026-05-31T21:55:30.009Z] Request #23  Result: {"login":"2250736117035","reason":"old_version","status":"fail"}
[2026-05-31T21:55:40.209Z] Request #24  Result: {"login":"2250736117035","reason":"old_version","status":"fail"}
[2026-05-31T21:55:50.444Z] Request #25  Result: {"login":"2250736117035","reason":"old_version","status":"fail"}
[2026-05-31T21:56:00.714Z] Request #26  Result: {"login":"2250736117035","reason":"old_version","status":"fail"}
[2026-05-31T21:56:10.850Z] Request #27  Result: {"login":"2250736117035","reason":"old_version","status":"fail"}
[2026-05-31T21:56:20.996Z] Request #28  Result: {"login":"2250736117035","reason":"old_version","status":"fail"}
[2026-05-31T21:56:31.562Z] Request #29  Result: {"login":"2250736117035","reason":"old_version","status":"fail"}
[2026-05-31T21:56:41.692Z] Request #30  Result: {"login":"2250736117035","reason":"old_version","status":"fail"}
[2026-05-31T21:56:52.278Z] Request #31  Result: {"login":"2250736117035","reason":"old_version","status":"fail"}
[2026-05-31T21:57:02.413Z] Request #32  Result: {"login":"2250736117035","reason":"old_version","status":"fail"}
[2026-05-31T21:57:12.628Z] Request #33  Result: {"login":"2250736117035","reason":"old_version","status":"fail"}
[2026-05-31T21:57:22.809Z] Request #34  Result: {"login":"2250736117035","reason":"old_version","status":"fail"}
[2026-05-31T21:57:33.203Z] Request #35  Result: {"login":"2250736117035","reason":"old_version","status":"fail"}
[2026-05-31T21:57:43.529Z] Request #36  Result: {"login":"2250736117035","reason":"old_version","status":"fail"}
[2026-05-31T21:57:53.714Z] Request #37  Result: {"login":"2250736117035","reason":"old_version","status":"fail"}
[2026-05-31T21:58:03.923Z] Request #38  Result: {"login":"2250736117035","reason":"old_version","status":"fail"}
[2026-05-31T21:58:14.313Z] Request #39  Result: {"login":"2250736117035","reason":"old_version","status":"fail"}
[2026-05-31T21:58:24.468Z] Request #40  Result: {"login":"2250736117035","reason":"old_version","status":"fail"}
[2026-05-31T21:58:34.821Z] Request #41  Result: {"login":"2250736117035","reason":"old_version","status":"fail"}
[2026-05-31T21:58:44.950Z] Request #42  Result: {"login":"2250736117035","reason":"old_version","status":"fail"}
[2026-05-31T21:58:55.089Z] Request #43  Result: {"login":"2250736117035","reason":"old_version","status":"fail"}
[2026-05-31T21:59:05.419Z] Request #44  Result: {"login":"2250736117035","reason":"old_version","status":"fail"}
[2026-05-31T21:59:15.775Z] Request #45  Result: {"login":"2250736117035","reason":"old_version","status":"fail"}
[2026-05-31T21:59:26.094Z] Request #46  Result: {"login":"2250736117035","reason":"old_version","status":"fail"}
[2026-05-31T21:59:36.489Z] Request #47  Result: {"login":"2250736117035","reason":"old_version","status":"fail"}
[2026-05-31T21:59:46.678Z] Request #48  Result: {"login":"2250736117035","reason":"old_version","status":"fail"}
[2026-05-31T21:59:56.877Z] Request #49  Result: {"login":"2250736117035","reason":"old_version","status":"fail"}
[2026-05-31T22:00:07.200Z] Request #50  Result: {"login":"2250736117035","reason":"old_version","status":"fail"}
[2026-05-31T22:00:17.402Z] Request #51  Result: {"login":"2250736117035","reason":"old_version","status":"fail"}
[2026-05-31T22:00:28.626Z] Request #52  Result: {"login":"2250736117035","reason":"old_version","status":"fail"}
[2026-05-31T22:00:38.961Z] Request #53  Result: {"login":"2250736117035","reason":"old_version","status":"fail"}
[2026-05-31T22:00:49.353Z] Request #54  Result: {"login":"2250736117035","reason":"old_version","status":"fail"}
[2026-05-31T22:00:59.697Z] Request #55  Result: {"login":"2250736117035","reason":"old_version","status":"fail"}
[2026-05-31T22:01:09.913Z] Request #56  Result: {"login":"2250736117035","reason":"old_version","status":"fail"}
[2026-05-31T22:01:20.257Z] Request #57  Result: {"login":"2250736117035","reason":"old_version","status":"fail"}
[2026-05-31T22:01:30.511Z] Request #58  Result: {"login":"2250736117035","reason":"old_version","status":"fail"}
[2026-05-31T22:01:40.712Z] Request #59  Result: {"login":"2250736117035","reason":"old_version","status":"fail"}
[2026-05-31T22:01:51.046Z] Request #60  Result: {"login":"2250736117035","reason":"old_version","status":"fail"}
[2026-05-31T22:02:01.403Z] Request #61  Result: {"login":"2250736117035","reason":"old_version","status":"fail"}
[2026-05-31T22:02:11.726Z] Request #62  Result: {"login":"2250736117035","reason":"old_version","status":"fail"}
[2026-05-31T22:02:22.046Z] Request #63  Result: {"login":"2250736117035","reason":"old_version","status":"fail"}
[2026-05-31T22:02:32.200Z] Request #64  Result: {"login":"2250736117035","reason":"old_version","status":"fail"}
[2026-05-31T22:02:42.332Z] Request #65  Result: {"login":"2250736117035","reason":"old_version","status":"fail"}
[2026-05-31T22:02:52.605Z] Request #66  Result: {"login":"2250736117035","reason":"old_version","status":"fail"}
[2026-05-31T22:03:02.859Z] Request #67  Result: {"login":"2250736117035","reason":"old_version","status":"fail"}
[2026-05-31T22:03:13.045Z] Request #68  Result: {"login":"2250736117035","reason":"old_version","status":"fail"}
[2026-05-31T22:03:23.294Z] Request #69  Result: {"login":"2250736117035","reason":"old_version","status":"fail"}
[2026-05-31T22:03:33.598Z] Request #70  Result: {"login":"2250736117035","reason":"old_version","status":"fail"}
[2026-05-31T22:03:43.800Z] Request #71  Result: {"login":"2250736117035","reason":"old_version","status":"fail"}
[2026-05-31T22:03:54.143Z] Request #72  Result: {"login":"2250736117035","reason":"old_version","status":"fail"}
[2026-05-31T22:04:04.348Z] Request #73  Result: {"login":"2250736117035","reason":"old_version","status":"fail"}
[2026-05-31T22:04:14.546Z] Request #74  Result: {"login":"2250736117035","reason":"old_version","status":"fail"}
[2026-05-31T22:04:24.729Z] Request #75  Result: {"login":"2250736117035","reason":"old_version","status":"fail"}
[2026-05-31T22:04:35.129Z] Request #76  Result: {"login":"2250736117035","reason":"old_version","status":"fail"}
[2026-05-31T22:04:45.450Z] Request #77  Result: {"login":"2250736117035","reason":"old_version","status":"fail"}
[2026-05-31T22:04:55.633Z] Request #78  Result: {"login":"2250736117035","reason":"old_version","status":"fail"}
[2026-05-31T22:05:05.967Z] Request #79  Result: {"login":"2250736117035","reason":"old_version","status":"fail"}
[2026-05-31T22:05:16.123Z] Request #80  Result: {"login":"2250736117035","reason":"old_version","status":"fail"}
[2026-05-31T22:05:26.463Z] Request #81  Result: {"login":"2250736117035","reason":"old_version","status":"fail"}
[2026-05-31T22:05:36.710Z] Request #82  Result: {"login":"2250736117035","reason":"old_version","status":"fail"}
[2026-05-31T22:05:47.011Z] Request #83  Result: {"login":"2250736117035","reason":"old_version","status":"fail"}
[2026-05-31T22:05:57.187Z] Request #84  Result: {"login":"2250736117035","reason":"old_version","status":"fail"}
[2026-05-31T22:06:07.334Z] Request #85  Result: {"login":"2250736117035","reason":"old_version","status":"fail"}
[2026-05-31T22:06:17.629Z] Request #86  Result: {"login":"2250736117035","reason":"old_version","status":"fail"}
[2026-05-31T22:06:27.904Z] Request #87  Result: {"login":"2250736117035","reason":"old_version","status":"fail"}
[2026-05-31T22:06:38.182Z] Request #88  Result: {"login":"2250736117035","reason":"old_version","status":"fail"}
[2026-05-31T22:06:48.498Z] Request #89  Result: {"login":"2250736117035","reason":"old_version","status":"fail"}
[2026-05-31T22:06:58.817Z] Request #90  Result: {"login":"2250736117035","reason":"old_version","status":"fail"}
[2026-05-31T22:07:08.951Z] Request #91  Result: {"login":"2250736117035","reason":"old_version","status":"fail"}
[2026-05-31T22:07:19.091Z] Request #92  Result: {"login":"2250736117035","reason":"old_version","status":"fail"}
[2026-05-31T22:07:29.235Z] Request #93  Result: {"login":"2250736117035","reason":"old_version","status":"fail"}
[2026-05-31T22:07:39.384Z] Request #94  Result: {"login":"2250736117035","reason":"old_version","status":"fail"}
[2026-05-31T22:07:49.657Z] Request #95  Result: {"login":"2250736117035","reason":"old_version","status":"fail"}
[2026-05-31T22:08:00.014Z] Request #96  Result: {"login":"2250736117035","reason":"old_version","status":"fail"}
[2026-05-31T22:08:10.305Z] Request #97  Result: {"login":"2250736117035","reason":"old_version","status":"fail"}
[2026-05-31T22:08:20.546Z] Request #98  Result: {"login":"2250736117035","reason":"old_version","status":"fail"}
[2026-05-31T22:08:30.792Z] Request #99  Result: {"login":"2250736117035","reason":"old_version","status":"fail"}
[2026-05-31T22:08:40.933Z] Request #100  Result: {"login":"2250736117035","reason":"old_version","status":"fail"}
[2026-05-31T22:08:51.179Z] Request #101  Result: {"login":"2250736117035","reason":"old_version","status":"fail"}
[2026-05-31T22:09:01.402Z] Request #102  Result: {"login":"2250736117035","reason":"old_version","status":"fail"}
[2026-05-31T22:09:11.717Z] Request #103  Result: {"login":"2250736117035","reason":"old_version","status":"fail"}
[2026-05-31T22:09:22.063Z] Request #104  Result: {"login":"2250736117035","reason":"old_version","status":"fail"}
[2026-05-31T22:09:32.251Z] Request #105  Result: {"login":"2250736117035","reason":"old_version","status":"fail"}
[2026-05-31T22:09:42.412Z] Request #106  Result: {"login":"2250736117035","reason":"old_version","status":"fail"}
[2026-05-31T22:09:52.703Z] Request #107  Result: {"login":"2250736117035","reason":"old_version","status":"fail"}
[2026-05-31T22:10:02.843Z] Request #108  Result: {"login":"2250736117035","reason":"old_version","status":"fail"}
[2026-05-31T22:10:13.018Z] Request #109  Result: {"login":"2250736117035","reason":"old_version","status":"fail"}
[2026-05-31T22:10:23.283Z] Request #110  Result: {"login":"2250736117035","reason":"old_version","status":"fail"}
[2026-05-31T22:10:33.579Z] Request #111  Result: {"login":"2250736117035","reason":"old_version","status":"fail"}
[2026-05-31T22:10:43.883Z] Request #112  Result: {"login":"2250736117035","reason":"old_version","status":"fail"}
[2026-05-31T22:10:54.033Z] Request #113  Result: {"login":"2250736117035","reason":"old_version","status":"fail"}
[2026-05-31T22:11:04.392Z] Request #114  Result: {"login":"2250736117035","reason":"old_version","status":"fail"}
[2026-05-31T22:11:14.727Z] Request #115  Result: {"login":"2250736117035","reason":"old_version","status":"fail"}
[2026-05-31T22:11:24.982Z] Request #116  Result: {"login":"2250736117035","reason":"old_version","status":"fail"}
[2026-05-31T22:11:35.168Z] Request #117  Result: {"login":"2250736117035","reason":"old_version","status":"fail"}
[2026-05-31T22:11:45.407Z] Request #118  Result: {"login":"2250736117035","reason":"old_version","status":"fail"}
[2026-05-31T22:11:55.712Z] Request #119  Result: {"login":"2250736117035","reason":"old_version","status":"fail"}
[2026-05-31T22:12:05.915Z] Request #120  Result: {"login":"2250736117035","reason":"old_version","status":"fail"}
[2026-05-31T22:12:16.100Z] Request #121  Result: {"login":"2250736117035","reason":"old_version","status":"fail"}
[2026-05-31T22:12:26.500Z] Request #122  Result: {"login":"2250736117035","reason":"old_version","status":"fail"}
[2026-05-31T22:12:36.692Z] Request #123  Result: {"login":"2250736117035","reason":"old_version","status":"fail"}
[2026-05-31T22:12:47.022Z] Request #124  Result: {"login":"2250736117035","reason":"old_version","status":"fail"}
[2026-05-31T22:12:57.211Z] Request #125  Result: {"login":"2250736117035","reason":"old_version","status":"fail"}
[2026-05-31T22:13:07.839Z] Request #126  Result: {"login":"2250736117035","reason":"old_version","status":"fail"}
[2026-05-31T22:13:18.181Z] Request #127  Result: {"login":"2250736117035","reason":"old_version","status":"fail"}
[2026-05-31T22:13:28.580Z] Request #128  Result: {"login":"2250736117035","reason":"old_version","status":"fail"}
[2026-05-31T22:13:38.892Z] Request #129  Result: {"login":"2250736117035","reason":"old_version","status":"fail"}
[2026-05-31T22:13:49.036Z] Request #130  Result: {"login":"2250736117035","reason":"old_version","status":"fail"}
[2026-05-31T22:13:59.214Z] Request #131  Result: {"login":"2250736117035","reason":"old_version","status":"fail"}
[2026-05-31T22:14:09.695Z] Request #132  Result: {"login":"2250736117035","reason":"old_version","status":"fail"}
[2026-05-31T22:14:19.991Z] Request #133  Result: {"login":"2250736117035","reason":"old_version","status":"fail"}
[2026-05-31T22:14:30.285Z] Request #134  Result: {"login":"2250736117035","reason":"old_version","status":"fail"}
[2026-05-31T22:14:40.634Z] Request #135  Result: {"login":"2250736117035","reason":"old_version","status":"fail"}
[2026-05-31T22:14:50.879Z] Request #136  Result: {"login":"2250736117035","reason":"old_version","status":"fail"}
[2026-05-31T22:15:01.222Z] Request #137  Result: {"login":"2250736117035","reason":"old_version","status":"fail"}
[2026-05-31T22:15:11.573Z] Request #138  Result: {"login":"2250736117035","reason":"old_version","status":"fail"}
[2026-05-31T22:15:21.826Z] Request #139  Result: {"login":"2250736117035","reason":"old_version","status":"fail"}
[2026-05-31T22:15:32.004Z] Request #140  Result: {"login":"2250736117035","reason":"old_version","status":"fail"}
[2026-05-31T22:15:42.250Z] Request #141  Result: {"login":"2250736117035","reason":"old_version","status":"fail"}
[2026-05-31T22:15:52.451Z] Request #142  Result: {"login":"2250736117035","reason":"old_version","status":"fail"}
[2026-05-31T22:16:02.648Z] Request #143  Result: {"login":"2250736117035","reason":"old_version","status":"fail"}
[2026-05-31T22:16:12.995Z] Request #144  Result: {"login":"2250736117035","reason":"old_version","status":"fail"}
[2026-05-31T22:16:23.210Z] Request #145  Result: {"login":"2250736117035","reason":"old_version","status":"fail"}
[2026-05-31T22:16:33.555Z] Request #146  Result: {"login":"2250736117035","reason":"old_version","status":"fail"}
[2026-05-31T22:16:43.886Z] Request #147  Result: {"login":"2250736117035","reason":"old_version","status":"fail"}
[2026-05-31T22:16:54.242Z] Request #148  Result: {"login":"2250736117035","reason":"old_version","status":"fail"}
[2026-05-31T22:17:04.508Z] Request #149  Result: {"login":"2250736117035","reason":"old_version","status":"fail"}
[2026-05-31T22:17:14.646Z] Request #150  Result: {"login":"2250736117035","reason":"old_version","status":"fail"}
[2026-05-31T22:17:24.824Z] Request #151  Result: {"login":"2250736117035","reason":"old_version","status":"fail"}
[2026-05-31T22:17:35.107Z] Request #152  Result: {"login":"2250736117035","reason":"old_version","status":"fail"}
[2026-05-31T22:17:45.470Z] Request #153  Result: {"login":"2250736117035","reason":"old_version","status":"fail"}
[2026-05-31T22:17:55.744Z] Request #154  Result: {"login":"2250736117035","reason":"old_version","status":"fail"}
[2026-05-31T22:18:05.943Z] Request #155  Result: {"login":"2250736117035","reason":"old_version","status":"fail"}
[2026-05-31T22:18:16.276Z] Request #156  Result: {"login":"2250736117035","reason":"old_version","status":"fail"}
[2026-05-31T22:18:26.635Z] Request #157  Result: {"login":"2250736117035","reason":"old_version","status":"fail"}
[2026-05-31T22:18:36.986Z] Request #158  Result: {"login":"2250736117035","reason":"old_version","status":"fail"}
[2026-05-31T22:18:47.295Z] Request #159  Result: {"login":"2250736117035","reason":"old_version","status":"fail"}
[2026-05-31T22:18:57.703Z] Request #160  Result: {"login":"2250736117035","reason":"old_version","status":"fail"}
[2026-05-31T22:19:07.900Z] Request #161  Result: {"login":"2250736117035","reason":"old_version","status":"fail"}
[2026-05-31T22:19:18.034Z] Request #162  Result: {"login":"2250736117035","reason":"old_version","status":"fail"}
[2026-05-31T22:19:28.169Z] Request #163  Result: {"login":"2250736117035","reason":"old_version","status":"fail"}
[2026-05-31T22:19:38.347Z] Request #164  Result: {"login":"2250736117035","reason":"old_version","status":"fail"}
[2026-05-31T22:19:48.659Z] Request #165  Result: {"login":"2250736117035","reason":"old_version","status":"fail"}
[2026-05-31T22:19:58.806Z] Request #166  Result: {"login":"2250736117035","reason":"old_version","status":"fail"}
[2026-05-31T22:20:09.157Z] Request #167  Result: {"login":"2250736117035","reason":"old_version","status":"fail"}
[2026-05-31T22:20:19.301Z] Request #168  Result: {"login":"2250736117035","reason":"old_version","status":"fail"}
[2026-05-31T22:20:29.499Z] Request #169  Result: {"login":"2250736117035","reason":"old_version","status":"fail"}
[2026-05-31T22:20:39.866Z] Request #170  Result: {"login":"2250736117035","reason":"old_version","status":"fail"}
[2026-05-31T22:20:50.201Z] Request #171  Result: {"login":"2250736117035","reason":"old_version","status":"fail"}
[2026-05-31T22:21:00.373Z] Request #172  Result: {"login":"2250736117035","reason":"old_version","status":"fail"}
[2026-05-31T22:21:10.506Z] Request #173  Result: {"login":"2250736117035","reason":"old_version","status":"fail"}
[2026-05-31T22:21:20.668Z] Request #174  Result: {"login":"2250736117035","reason":"old_version","status":"fail"}
[2026-05-31T22:21:30.956Z] Request #175  Result: {"login":"2250736117035","reason":"old_version","status":"fail"}
[2026-05-31T22:21:41.112Z] Request #176  Result: {"login":"2250736117035","reason":"old_version","status":"fail"}
[2026-05-31T22:21:51.245Z] Request #177  Result: {"login":"2250736117035","reason":"old_version","status":"fail"}
[2026-05-31T22:22:01.585Z] Request #178  Result: {"login":"2250736117035","reason":"old_version","status":"fail"}
[2026-05-31T22:22:11.888Z] Request #179  Result: {"login":"2250736117035","reason":"old_version","status":"fail"}
[2026-05-31T22:22:22.147Z] Request #180  Result: {"login":"2250736117035","reason":"old_version","status":"fail"}
[2026-05-31T22:22:32.442Z] Request #181  Result: {"login":"2250736117035","reason":"old_version","status":"fail"}
[2026-05-31T22:22:42.724Z] Request #182  Result: {"login":"2250736117035","reason":"old_version","status":"fail"}
[2026-05-31T22:22:52.996Z] Request #183  Result: {"login":"2250736117035","reason":"old_version","status":"fail"}
[2026-05-31T22:23:03.152Z] Request #184  Result: {"login":"2250736117035","reason":"old_version","status":"fail"}
[2026-05-31T22:23:13.413Z] Request #185  Result: {"login":"2250736117035","reason":"old_version","status":"fail"}
[2026-05-31T22:23:23.691Z] Request #186  Result: {"login":"2250736117035","reason":"old_version","status":"fail"}
[2026-05-31T22:23:33.837Z] Request #187  Result: {"login":"2250736117035","reason":"old_version","status":"fail"}
[2026-05-31T22:23:43.975Z] Request #188  Result: {"login":"2250736117035","reason":"old_version","status":"fail"}
[2026-05-31T22:23:54.164Z] Request #189  Result: {"login":"2250736117035","reason":"old_version","status":"fail"}
[2026-05-31T22:24:04.742Z] Request #190  Result: {"login":"2250736117035","reason":"old_version","status":"fail"}
[2026-05-31T22:24:14.916Z] Request #191  Result: {"login":"2250736117035","reason":"old_version","status":"fail"}
[2026-05-31T22:24:25.261Z] Request #192  Result: {"login":"2250736117035","reason":"old_version","status":"fail"}
[2026-05-31T22:24:35.401Z] Request #193  Result: {"login":"2250736117035","reason":"old_version","status":"fail"}
[2026-05-31T22:24:45.643Z] Request #194  Result: {"login":"2250736117035","reason":"old_version","status":"fail"}
[2026-05-31T22:24:55.919Z] Request #195  Result: {"login":"2250736117035","reason":"old_version","status":"fail"}
[2026-05-31T22:25:06.092Z] Request #196  Result: {"login":"2250736117035","reason":"old_version","status":"fail"}
[2026-05-31T22:25:16.334Z] Request #197  Result: {"login":"2250736117035","reason":"old_version","status":"fail"}
[2026-05-31T22:25:26.684Z] Request #198  Result: {"login":"2250736117035","reason":"old_version","status":"fail"}
[2026-05-31T22:25:36.832Z] Request #199  Result: {"login":"2250736117035","reason":"old_version","status":"fail"}
[2026-05-31T22:25:46.973Z] Request #200  Result: {"login":"2250736117035","reason":"old_version","status":"fail"}
[2026-05-31T22:25:57.263Z] Request #201  Result: {"login":"2250736117035","reason":"old_version","status":"fail"}
[2026-05-31T22:26:07.481Z] Request #202  Result: {"login":"2250736117035","reason":"old_version","status":"fail"}
[2026-05-31T22:26:17.825Z] Request #203  Result: {"login":"2250736117035","reason":"old_version","status":"fail"}
[2026-05-31T22:26:28.006Z] Request #204  Result: {"login":"2250736117035","reason":"old_version","status":"fail"}
[2026-05-31T22:26:38.359Z] Request #205  Result: {"login":"2250736117035","reason":"old_version","status":"fail"}
[2026-05-31T22:26:48.599Z] Request #206  Result: {"login":"2250736117035","reason":"old_version","status":"fail"}
[2026-05-31T22:26:58.952Z] Request #207  Result: {"login":"2250736117035","reason":"old_version","status":"fail"}
[2026-05-31T22:27:09.262Z] Request #208  Result: {"login":"2250736117035","reason":"old_version","status":"fail"}
[2026-05-31T22:27:19.544Z] Request #209  Result: {"login":"2250736117035","reason":"old_version","status":"fail"}
[2026-05-31T22:27:29.802Z] Request #210  Result: {"login":"2250736117035","reason":"old_version","status":"fail"}
[2026-05-31T22:27:39.943Z] Request #211  Result: {"login":"2250736117035","reason":"old_version","status":"fail"}
[2026-05-31T22:27:50.188Z] Request #212  Result: {"login":"2250736117035","reason":"old_version","status":"fail"}
[2026-05-31T22:28:00.470Z] Request #213  Result: {"login":"2250736117035","reason":"old_version","status":"fail"}
[2026-05-31T22:28:10.614Z] Request #214  Result: {"login":"2250736117035","reason":"old_version","status":"fail"}
[2026-05-31T22:28:20.762Z] Request #215  Result: {"login":"2250736117035","reason":"old_version","status":"fail"}
[2026-05-31T22:28:31.107Z] Request #216  Result: {"login":"2250736117035","reason":"old_version","status":"fail"}
[2026-05-31T22:28:41.285Z] Request #217  Result: {"login":"2250736117035","reason":"old_version","status":"fail"}
[2026-05-31T22:28:51.537Z] Request #218  Result: {"login":"2250736117035","reason":"old_version","status":"fail"}
[2026-05-31T22:29:01.777Z] Request #219  Result: {"login":"2250736117035","reason":"old_version","status":"fail"}
[2026-05-31T22:29:12.119Z] Request #220  Result: {"login":"2250736117035","reason":"old_version","status":"fail"}
[2026-05-31T22:29:22.316Z] Request #221  Result: {"login":"2250736117035","reason":"old_version","status":"fail"}
[2026-05-31T22:29:32.555Z] Request #222  Result: {"login":"2250736117035","reason":"old_version","status":"fail"}
[2026-05-31T22:29:42.753Z] Request #223  Result: {"login":"2250736117035","reason":"old_version","status":"fail"}
[2026-05-31T22:29:53.368Z] Request #224  Result: {"login":"2250736117035","reason":"old_version","status":"fail"}
[2026-05-31T22:30:03.693Z] Request #225  Result: {"login":"2250736117035","reason":"old_version","status":"fail"}
[2026-05-31T22:30:13.896Z] Request #226  Result: {"login":"2250736117035","reason":"old_version","status":"fail"}
[2026-05-31T22:30:24.101Z] Request #227  Result: {"login":"2250736117035","reason":"old_version","status":"fail"}
[2026-05-31T22:30:34.405Z] Request #228  Result: {"login":"2250736117035","reason":"old_version","status":"fail"}
[2026-05-31T22:30:44.600Z] Request #229  Result: {"login":"2250736117035","reason":"old_version","status":"fail"}
[2026-05-31T22:30:54.867Z] Request #230  Result: {"login":"2250736117035","reason":"old_version","status":"fail"}
[2026-05-31T22:31:05.172Z] Request #231  Result: {"login":"2250736117035","reason":"old_version","status":"fail"}
[2026-05-31T22:31:15.419Z] Request #232  Result: {"login":"2250736117035","reason":"old_version","status":"fail"}
[2026-05-31T22:31:25.665Z] Request #233  Result: {"login":"2250736117035","reason":"old_version","status":"fail"}
[2026-05-31T22:31:35.987Z] Request #234  Result: {"login":"2250736117035","reason":"old_version","status":"fail"}
[2026-05-31T22:31:46.322Z] Request #235  Result: {"login":"2250736117035","reason":"old_version","status":"fail"}
[2026-05-31T22:31:56.525Z] Request #236  Result: {"login":"2250736117035","reason":"old_version","status":"fail"}
[2026-05-31T22:32:06.762Z] Request #237  Result: {"login":"2250736117035","reason":"old_version","status":"fail"}
[2026-05-31T22:32:17.153Z] Request #238  Result: {"login":"2250736117035","reason":"old_version","status":"fail"}
[2026-05-31T22:32:27.367Z] Request #239  Result: {"login":"2250736117035","reason":"old_version","status":"fail"}
[2026-05-31T22:32:37.557Z] Request #240  Result: {"login":"2250736117035","reason":"old_version","status":"fail"}
[2026-05-31T22:32:47.747Z] Request #241  Result: {"login":"2250736117035","reason":"old_version","status":"fail"}
[2026-05-31T22:32:58.156Z] Request #242  Result: {"login":"2250736117035","reason":"old_version","status":"fail"}
[2026-05-31T22:33:08.341Z] Request #243  Result: {"login":"2250736117035","reason":"old_version","status":"fail"}
[2026-05-31T22:33:18.558Z] Request #244  Result: {"login":"2250736117035","reason":"old_version","status":"fail"}
[2026-05-31T22:33:28.729Z] Request #245  Result: {"login":"2250736117035","reason":"old_version","status":"fail"}
[2026-05-31T22:33:38.865Z] Request #246  Result: {"login":"2250736117035","reason":"old_version","status":"fail"}
[2026-05-31T22:33:49.043Z] Request #247  Result: {"login":"2250736117035","reason":"old_version","status":"fail"}
[2026-05-31T22:33:59.334Z] Request #248  Result: {"login":"2250736117035","reason":"old_version","status":"fail"}
[2026-05-31T22:34:09.475Z] Request #249  Result: {"login":"2250736117035","reason":"old_version","status":"fail"}
[2026-05-31T22:34:19.821Z] Request #250  Result: {"login":"2250736117035","reason":"old_version","status":"fail"}
[2026-05-31T22:34:29.965Z] Request #251  Result: {"login":"2250736117035","reason":"old_version","status":"fail"}
[2026-05-31T22:34:40.256Z] Request #252  Result: {"login":"2250736117035","reason":"old_version","status":"fail"}
[2026-05-31T22:34:50.601Z] Request #253  Result: {"login":"2250736117035","reason":"old_version","status":"fail"}
[2026-05-31T22:35:00.749Z] Request #254  Result: {"login":"2250736117035","reason":"old_version","status":"fail"}
[2026-05-31T22:35:11.041Z] Request #255  Result: {"login":"2250736117035","reason":"old_version","status":"fail"}
[2026-05-31T22:35:21.222Z] Request #256  Result: {"login":"2250736117035","reason":"old_version","status":"fail"}
[2026-05-31T22:35:31.564Z] Request #257  Result: {"login":"2250736117035","reason":"old_version","status":"fail"}
[2026-05-31T22:35:42.049Z] Request #258  Result: {"login":"2250736117035","reason":"old_version","status":"fail"}
[2026-05-31T22:35:52.346Z] Request #259  Result: {"login":"2250736117035","reason":"old_version","status":"fail"}
[2026-05-31T22:36:02.613Z] Request #260  Result: {"login":"2250736117035","reason":"old_version","status":"fail"}
[2026-05-31T22:36:12.869Z] Request #261  Result: {"login":"2250736117035","reason":"old_version","status":"fail"}
[2026-05-31T22:36:23.202Z] Request #262  Result: {"login":"2250736117035","reason":"old_version","status":"fail"}
[2026-05-31T22:36:33.589Z] Request #263  Result: {"login":"2250736117035","reason":"old_version","status":"fail"}
[2026-05-31T22:36:43.791Z] Request #264  Result: {"login":"2250736117035","reason":"old_version","status":"fail"}
[2026-05-31T22:36:54.030Z] Request #265  Result: {"login":"2250736117035","reason":"old_version","status":"fail"}
[2026-05-31T22:37:04.239Z] Request #266  Result: {"login":"2250736117035","reason":"old_version","status":"fail"}
[2026-05-31T22:37:14.467Z] Request #267  Result: {"login":"2250736117035","reason":"old_version","status":"fail"}
[2026-05-31T22:37:24.797Z] Request #268  Result: {"login":"2250736117035","reason":"old_version","status":"fail"}
[2026-05-31T22:37:35.197Z] Request #269  Result: {"login":"2250736117035","reason":"old_version","status":"fail"}
[2026-05-31T22:37:45.411Z] Request #270  Result: {"login":"2250736117035","reason":"old_version","status":"fail"}
[2026-05-31T22:37:55.599Z] Request #271  Result: {"login":"2250736117035","reason":"old_version","status":"fail"}
[2026-05-31T22:38:05.931Z] Request #272  Result: {"login":"2250736117035","reason":"old_version","status":"fail"}
[2026-05-31T22:38:16.087Z] Request #273  Result: {"login":"2250736117035","reason":"old_version","status":"fail"}
[2026-05-31T22:38:26.263Z] Request #274  Result: {"login":"2250736117035","reason":"old_version","status":"fail"}
[2026-05-31T22:38:36.404Z] Request #275  Result: {"login":"2250736117035","reason":"old_version","status":"fail"}
[2026-05-31T22:38:46.727Z] Request #276  Result: {"login":"2250736117035","reason":"old_version","status":"fail"}
[2026-05-31T22:38:56.967Z] Request #277  Result: {"login":"2250736117035","reason":"old_version","status":"fail"}
[2026-05-31T22:39:07.352Z] Request #278  Result: {"login":"2250736117035","reason":"old_version","status":"fail"}
[2026-05-31T22:39:17.536Z] Request #279  Result: {"login":"2250736117035","reason":"old_version","status":"fail"}
[2026-05-31T22:39:27.726Z] Request #280  Result: {"login":"2250736117035","reason":"old_version","status":"fail"}
[2026-05-31T22:39:37.999Z] Request #281  Result: {"login":"2250736117035","reason":"old_version","status":"fail"}
[2026-05-31T22:39:48.280Z] Request #282  Result: {"login":"2250736117035","reason":"old_version","status":"fail"}
[2026-05-31T22:39:58.567Z] Request #283  Result: {"login":"2250736117035","reason":"old_version","status":"fail"}
[2026-05-31T22:40:08.811Z] Request #284  Result: {"login":"2250736117035","reason":"old_version","status":"fail"}
[2026-05-31T22:40:18.949Z] Request #285  Result: {"login":"2250736117035","reason":"old_version","status":"fail"}
[2026-05-31T22:40:29.083Z] Request #286  Result: {"login":"2250736117035","reason":"old_version","status":"fail"}
[2026-05-31T22:40:39.235Z] Request #287  Result: {"login":"2250736117035","reason":"old_version","status":"fail"}
[2026-05-31T22:40:49.512Z] Request #288  Result: {"login":"2250736117035","reason":"old_version","status":"fail"}
[2026-05-31T22:40:59.863Z] Request #289  Result: {"login":"2250736117035","reason":"old_version","status":"fail"}
[2026-05-31T22:41:10.006Z] Request #290  Result: {"login":"2250736117035","reason":"old_version","status":"fail"}
[2026-05-31T22:41:20.154Z] Request #291  Result: {"login":"2250736117035","reason":"old_version","status":"fail"}
[2026-05-31T22:41:30.298Z] Request #292  Result: {"login":"2250736117035","reason":"old_version","status":"fail"}
[2026-05-31T22:41:40.595Z] Request #293  Result: {"login":"2250736117035","reason":"old_version","status":"fail"}
[2026-05-31T22:41:50.739Z] Request #294  Result: {"login":"2250736117035","reason":"old_version","status":"fail"}
[2026-05-31T22:42:01.343Z] Request #295  Result: {"login":"2250736117035","reason":"old_version","status":"fail"}
[2026-05-31T22:42:11.591Z] Request #296  Result: {"login":"2250736117035","reason":"old_version","status":"fail"}
[2026-05-31T22:42:21.731Z] Request #297  Result: {"login":"2250736117035","reason":"old_version","status":"fail"}
[2026-05-31T22:42:31.887Z] Request #298  Result: {"login":"2250736117035","reason":"old_version","status":"fail"}
[2026-05-31T22:42:42.066Z] Request #299  Result: {"login":"2250736117035","reason":"old_version","status":"fail"}
